LTspice 24.1.9 for Windows
Circuit: C:\Users\wzhao\Documents\ee311-team06\Temp_sensing\SmartSensing_new.net
Start Time: Tue Sep 22 12:46:13 2026
solver = Normal
Maximum thread count: 16
tnom = 27
temp = 27
method = trap
ERROR: Node n025 is floating and connected to current source u6:I_IBP
ERROR: Node nc_01 is floating and connected to current source I1

Instance "m1:M2": Length shorter than recommended for a level 3 MOSFET.
Instance "m3:M2": Length shorter than recommended for a level 3 MOSFET.
Direct Newton iteration for .op point succeeded.
Total elapsed time: 4.824 seconds.

Files loaded:
C:\Users\wzhao\Documents\ee311-team06\Temp_sensing\SmartSensing_new.net
C:\Users\wzhao\AppData\Local\LTspice\lib\cmp\standard.bjt
C:\Users\wzhao\Documents\ee311-team06\Temp_sensing\TLC081.mod
C:\Users\wzhao\Documents\ee311-team06\Temp_sensing\lm393.lib
C:\Users\wzhao\Documents\ee311-team06\Temp_sensing\AO3401A.mod
C:\Users\wzhao\Documents\ee311-team06\Temp_sensing\ina240a1.lib
C:\Users\wzhao\AppData\Local\LTspice\lib\sub\UniversalOpAmp1.lib

