LTspice 24.1.10 for Windows
Circuit: C:\ee311-team06\Smarts\LTSpice\ovp_ocp_voltage_current_sensing\currentsensing.net
Start Time: Mon Aug 24 12:38:36 2026
solver = Normal
Maximum thread count: 16
tnom = 27
temp = 27
method = trap
Direct Newton iteration failed to find .op point.  (Use ".option noopiter" to skip.)
Starting Gmin stepping
Increasing initial diagonal Gmin to 100
Gmin = 100
vernier = 0.5
Gmin = 18.6414
vernier = 0.25
vernier = 0.125
vernier = 0.0625
vernier = 0.03125
Gmin = 19.4331
vernier = 0.015625
vernier = 0.0078125
vernier = 0.00390625
vernier = 0.00195312
Gmin = 19.5276
vernier = 0.000976562
vernier = 0.000488281
Gmin = 0
Gmin stepping succeeded in finding the operating point.

Total elapsed time: 1.089 seconds.

Files loaded:
C:\ee311-team06\Smarts\LTSpice\ovp_ocp_voltage_current_sensing\currentsensing.net
C:\Users\kktjg\OneDrive\Desktop\ee311_smarts\TLC081.mod
C:\ee311-team06\Smarts\LTSpice\ovp_ocp_voltage_current_sensing\LM324.lib copy
C:\Users\kktjg\AppData\Local\LTspice\lib\sub\UniversalOpAmp2.lib

